[Bootstrap]
SetupTitle=Install
SetupText=Copying Files, please stand by.
CabFile=vin_utility.CAB
Spawn=Setup1.exe
Uninstal=st6unst.exe
TmpDir=msftqws.pdw
Cabs=1

[Bootstrap Files]
File1=@VB6STKIT.DLL,$(WinSysPathSysFile),,,3-26-99 12:00:00 AM,101888,6.0.84.50
File2=@COMCAT.DLL,$(WinSysPathSysFile),$(DLLSelfRegister),,5-31-98 12:00:00 AM,22288,4.71.1460.1
File3=@stdole2.tlb,$(WinSysPathSysFile),$(TLBRegister),,8-23-01 12:00:00 PM,17920,3.50.5014.0
File4=@asycfilt.dll,$(WinSysPathSysFile),,,8-23-01 12:00:00 PM,77824,3.50.5014.0
File5=@olepro32.dll,$(WinSysPathSysFile),$(DLLSelfRegister),,8-23-01 12:00:00 PM,106496,5.0.5014.0
File6=@oleaut32.dll,$(WinSysPathSysFile),$(DLLSelfRegister),,8-23-01 12:00:00 PM,569344,3.50.5014.0
File7=@msvbvm60.dll,$(WinSysPathSysFile),$(DLLSelfRegister),,2-25-02 12:52:36 PM,1388544,6.0.92.37

[IconGroups]
Group0=VIN UTILITY KIT v1.0
PrivateGroup0=False
Parent0=$(Programs)

[VIN UTILITY KIT v1.0]
Icon1="vin_utility.exe"
Title1=VIN UTILITY KIT
StartIn1=$(AppPath)
Icon2="break.exe"
Title2=Have A Break
StartIn2=$(AppPath)
Icon3="web.exe"
Title3=VIN Web Compiler
StartIn3=$(AppPath)
Icon4="all2html.exe"
Title4=VIN ALL2HTML Converter
StartIn4=$(AppPath)
Icon5="fonedirectory.exe"
Title5=VIN Fone Directory
StartIn5=$(AppPath)
Icon6="vintimer.exe"
Title6=VIN Timer
StartIn6=$(AppPath)

[Setup]
Title=VIN UTILITY KIT
DefaultDir=$(ProgramFiles)\VIN UTILITY KIT
AppExe=vin_utility.exe
AppToUninstall=vin_utility.exe

[Setup1 Files]
File1=@about.exe,$(ProgramFiles)\vinsoft\VIN utility Kit,,,3-5-03 12:47:06 AM,32768,1.0.0.0
File2=@all2html.exe,$(ProgramFiles)\vinsoft\VIN Utility Kit,,,3-5-03 1:56:38 AM,77824,1.0.0.0
File3=@break.exe,$(ProgramFiles)\vinsoft\VIN Utility Kit,,,3-5-03 12:21:16 AM,45056,1.0.0.0
File4=@credit.exe,$(ProgramFiles)\vinsoft\VIN Utility Kit,,,2-26-03 6:17:14 AM,253952,1.0.0.0
File5=@fonedirectory.exe,$(ProgramFiles)\vinsoft\VIN Utility Kit,,,3-5-03 12:24:48 AM,118784,1.0.0.0
File6=@Indradhanush.exe,$(ProgramFiles)\vinsoft\VIN Utility Kit,,,3-5-03 12:32:54 AM,196608,1.0.0.0
File7=@vinreminder.exe,$(ProgramFiles)\vinsoft\VIN Utility Kit,,,3-5-03 1:03:52 AM,61440,1.0.0.0
File8=@vintimer.exe,$(ProgramFiles)\vinsoft\VIN Utility Kit,,,3-4-03 3:49:30 AM,32768,1.0.0.0
File9=@web.exe,$(ProgramFiles)\vinsoft\VIN Utility Kit,,,3-5-03 3:05:12 AM,90112,1.0.0.0
File10=@vin_utility.exe,$(ProgramFiles)\vinsoft\VIN Utility Kit,,,3-5-03 2:23:34 AM,73728,1.0.0.0

; The following lines may be deleted in order to obtain extra 
; space for customizing this file on a full installation diskette.
; 
; XXXXXXXXXXXXXXXXXXXXXXXXXXXXXXXXXXXXXXXXXXXXXXXXXXXXXXXXXXXX
; XXXXXXXXXXXXXXXXXXXXXXXXXXXXXXXXXXXXXXXXXXXXXXXXXXXXXXXXXXXX
; XXXXXXXXXXXXXXXXXXXXXXXXXXXXXXXXXXXXXXXXXXXXXXXXXXXXXXXXXXXX
; XXXXXXXXXXXXXXXXXXXXXXXXXXXXXXXXXXXXXXXXXXXXXXXXXXXXXXXXXXXX
; XXXXXXXXXXXXXXXXXXXXXXXXXXXXXXXXXXXXXXXXXXXXXXXXXXXXXXXXXXXX
; XXXXXXXXXXXXXXXXXXXXXXXXXXXXXXXXXXXXXXXXXXXXXXXXXXXXXXXXXXXX
; XXXXXXXXXXXXXXXXXXXXXXXXXXXXXXXXXXXXXXXXXXXXXXXXXXXXXXXXXXXX
; XXXXXXXXXXXXXXXXXXXXXXXXXXXXXXXXXXXXXXXXXXXXXXXXXXXXXXXXXXXX
; XXXXXXXXXXXXXXXXXXXXXXXXXXXXXXXXXXXXXXXXXXXXXXXXXXXXXXXXXXXX
; XXXXXXXXXXXXXXXXXXXXXXXXXXXXXXXXXXXXXXXXXXXXXXXXXXXXXXXXXXXX
; XXXXXXXXXXXXXXXXXXXXXXXXXXXXXXXXXXXXXXXXXXXXXXXXXXXXXXXXXXXX
; XXXXXXXXXXXXXXXXXXXXXXXXXXXXXXXXXXXXXXXXXXXXXXXXXXXXXXXXXXXX
; XXXXXXXXXXXXXXXXXXXXXXXXXXXXXXXXXXXXXXXXXXXXXXXXXXXXXXXXXXXX
; XXXXXXXXXXXXXXXXXXXXXXXXXXXXXXXXXXXXXXXXXXXXXXXXXXXXXXXXXXXX
; XXXXXXXXXXXXXXXXXXXXXXXXXXXXXXXXXXXXXXXXXXXXXXXXXXXXXXXXXXXX
; XXXXXXXXXXXXXXXXXXXXXXXXXXXXXXXXXXXXXXXXXXXXXXXXXXXXXXXXXXXX
; XXXXXXXXXXXXXXXXXXXXXXXXXXXXXXXXXXXXXXXXXXXXXXXXXXXXXXXXXXXX
; XXXXXXXXXXXXXXXXXXXXXXXXXXXXXXXXXXXXXXXXXXXXXXXXXXXXXXXXXXXX
; XXXXXXXXXXXXXXXXXXXXXXXXXXXXXXXXXXXXXXXXXXXXXXXXXXXXXXXXXXXX
; XXXXXXXXXXXXXXXXXXXXXXXXXXXXXXXXXXXXXXXXXXXXXXXXXXXXXXXXXXXX
; XXXXXXXXXXXXXXXXXXXXXXXXXXXXXXXXXXXXXXXXXXXXXXXXXXXXXXXXXXXX
; XXXXXXXXXXXXXXXXXXXXXXXXXXXXXXXXXXXXXXXXXXXXXXXXXXXXXXXXXXXX
; XXXXXXXXXXXXXXXXXXXXXXXXXXXXXXXXXXXXXXXXXXXXXXXXXXXXXXXXXXXX
; XXXXXXXXXXXXXXXXXXXXXXXXXXXXXXXXXXXXXXXXXXXXXXXXXXXXXXXXXXXX
; XXXXXXXXXXXXXXXXXXXXXXXXXXXXXXXXXXXXXXXXXXXXXXXXXXXXXXXXXXXX
; XXXXXXXXXXXXXXXXXXXXXXXXXXXXXXXXXXXXXXXXXXXXXXXXXXXXXXXXXXXX
; XXXXXXXXXXXXXXXXXXXXXXXXXXXXXXXXXXXXXXXXXXXXXXXXXXXXXXXXXXXX
; XXXXXXXXXXXXXXXXXXXXXXXXXXXXXXXXXXXXXXXXXXXXXXXXXXXXXXXXXXXX
; XXXXXXXXXXXXXXXXXXXXXXXXXXXXXXXXXXXXXXXXXXXXXXXXXXXXXXXXXXXX
; XXXXXXXXXXXXXXXXXXXXXXXXXXXXXXXXXXXXXXXXXXXXXXXXXXXXXXXXXXXX
; XXXXXXXXXXXXXXXXXXXXXXXXXXXXXXXXXXXXXXXXXXXXXXXXXXXXXXXXXXXX
; XXXXXXXXXXXXXXXXXXXXXXXXXXXXXXXXXXXXXXXXXXXXXXXXXXXXXXXXXXXX
; XXXXXXXXXXXXXXXXXXXXXXXXXXXXXXXXXXXXXXXXXXXXXXXXXXXXXXXXXXXX
; XXXXXXXXXXXXXXXXXXXXXXXXXXXXXXXXXXXXXXXXXXXXXXXXXXXXXXXXXXXX
; XXXXXXXXXXXXXXXXXXXXXXXXXXXXXXXXXXXXXXXXXXXXXXXXXXXXXXXXXXXX
